CMD:./cbp sample_traces/int/sample_int_trace.gz

====================[ CONFIGURATION SUMMARY ]====================

-- Debug Parameters --
DEBUG                    :          1
PRINT_FORMAT_BINARY      :          0

-- Base Parameters --
BM_INDEX_WIDTH           :         15
BM_CTR_WIDTH             :          3
CACHE_N_INDEX_WIDTH      :         12
CACHE_N_ASSOC            :          4
CACHE_N_TAG_WIDTH        :         11
PHR_WIDTH                :        388
CACHE_N_CTR_WIDTH        :          3
CACHE_N_U_WIDTH          :          2
CACHE_N_U_RST_CNT        :      25000
CACHE_N_VALID_WIDTH      :          1

-- Derived Parameters --
CACHE_N_SET              :       4096
=================================================================
====================================================[HARDWARE BUDGET]====================================================
| Component                         | Equation                           | Description                                  |
|-----------------------------------|------------------------------------|----------------------------------------------|
| Bimodal Predictor                 | 3 * 2^15 = 98304                   | BM_CTR_WIDTH * 2^BM_INDEX_WIDTH              |
|-----------------------------------|------------------------------------|----------------------------------------------|
| Pattern History Table - 1         | 4 x 2^12 x (3 + 11 + 2 + 1) = 278528 | CACHE_N_ASSOC + 2^CACHE_N_INDEX_WIDTH        |
|                                   |                                    |  * (CACHE_N_CTR_WIDTH + CACHE_N_TAG_WIDTH    |
|                                   |                                    |     + CACHE_N_U_WIDTH + CACHE_N_VALID_WIDTH) |
|-----------------------------------|------------------------------------|----------------------------------------------|
| Pattern History Table - 2         | 4 x 2^12 x (3 + 11 + 2 + 1) = 278528 | CACHE_N_ASSOC + 2^CACHE_N_INDEX_WIDTH        |
|                                   |                                    |  * (CACHE_N_CTR_WIDTH + CACHE_N_TAG_WIDTH    |
|                                   |                                    |     + CACHE_N_U_WIDTH + CACHE_N_VALID_WIDTH) |
|-----------------------------------|------------------------------------|----------------------------------------------|
| Pattern History Table - 3         | 4 x 2^12 x (3 + 11 + 2 + 1) = 278528 | CACHE_N_ASSOC + 2^CACHE_N_INDEX_WIDTH        |
|                                   |                                    |  * (CACHE_N_CTR_WIDTH + CACHE_N_TAG_WIDTH    |
|                                   |                                    |     + CACHE_N_U_WIDTH + CACHE_N_VALID_WIDTH) |
|-----------------------------------|------------------------------------|----------------------------------------------|
| Pattern History Register          | 388                                | PHR_WIDTH                                    |
|-----------------------------------|------------------------------------|----------------------------------------------|
| Total Budget                      | 934276 bits (114.047363 KB)        |                                              |
| Expected Budget                   | 1572864 bits (192.000000 KB)       |                                              |
|-----------------------------------|------------------------------------|----------------------------------------------|
EOF
WINDOW_SIZE = 1024
FETCH_WIDTH = 16
FETCH_NUM_BRANCH = 16
FETCH_STOP_AT_INDIRECT = 1
FETCH_STOP_AT_TAKEN = 1
FETCH_MODEL_ICACHE = 1
PERFECT_BRANCH_PRED = 0
PERFECT_INDIRECT_PRED = 1
PIPELINE_FILL_LATENCY = 10
NUM_LDST_LANES = 8
NUM_ALU_LANES = 16
MEMORY HIERARCHY CONFIGURATION---------------------
STRIDE Prefetcher = 1
PERFECT_CACHE = 0
WRITE_ALLOCATE = 1
Within-pipeline factors:
	AGEN latency = 1 cycle
	Store Queue (SQ): SQ size = window size, oracle memory disambiguation, store-load forwarding = 1 cycle after store's or load's agen.
	* Note: A store searches the L1$ at commit. The store is released
	* from the SQ and window, whether it hits or misses. Store misses
	* are buffered until the block is allocated and the store is
	* performed in the L1$. While buffered, conflicting loads get
	* the store's data as they would from the SQ.
I$: 128 KB, 8-way set-assoc., 64B block size
L1$: 128 KB, 8-way set-assoc., 64B block size, 3-cycle search latency
L2$: 4 MB, 8-way set-assoc., 64B block size, 12-cycle search latency
L3$: 32 MB, 16-way set-assoc., 128B block size, 50-cycle search latency
Main Memory: 150-cycle fixed search time
---------------------------STORE QUEUE MEASUREMENTS (Full Simulation i.e. Counts Not Reset When Warmup Ends)---------------------------
Number of loads: 325732
Number of loads that miss in SQ: 246000 (75.52%)
Number of PFs issued to the memory system 5339
---------------------------------------------------------------------------------------------------------------------------------------
------------------------MEMORY HIERARCHY MEASUREMENTS (Full Simulation i.e. Counts Not Reset When Warmup Ends)-------------------------
I$:
	accesses   = 1138403
	misses     = 310
	miss ratio = 0.03%
	pf accesses   = 0
	pf misses     = 0
	pf miss ratio = -nan%
L1$:
	accesses   = 536590
	misses     = 1537
	miss ratio = 0.29%
	pf accesses   = 5339
	pf misses     = 475
	pf miss ratio = 8.90%
L2$:
	accesses   = 1847
	misses     = 1847
	miss ratio = 100.00%
	pf accesses   = 475
	pf misses     = 475
	pf miss ratio = 100.00%
L3$:
	accesses   = 1847
	misses     = 1507
	miss ratio = 81.59%
	pf accesses   = 475
	pf misses     = 239
	pf miss ratio = 50.32%
---------------------------------------------------------------------------------------------------------------------------------------
----------------------------------------------Prefetcher (Full Simulation i.e. No Warmup)----------------------------------------------
Num Trainings :325732
Num Prefetches generated :5341
Num Prefetches issued :5394
Num Prefetches filtered by PF queue :0
Num untimely prefetches dropped from PF queue :2
Num prefetches not issued LDST contention :55
Num prefetches not issued stride 0 :172169
---------------------------------------------------------------------------------------------------------------------------------------

-------------------------------ILP LIMIT STUDY (Full Simulation i.e. Counts Not Reset When Warmup Ends)--------------------------------
instructions = 997301
cycles       = 482096
CycWP        = 251556
IPC          = 2.0687

---------------------------------------------------------------------------------------------------------------------------------------

-----------------------------------------------BRANCH PREDICTION MEASUREMENTS (Full Simulation i.e. Counts Not Reset When Warmup Ends)----------------------------------------------
Type                   NumBr     MispBr        mr     mpki
CondDirect           128874       5362   4.1607%   5.3765
JumpDirect            25846          0   0.0000%   0.0000
JumpIndirect          14255          0   0.0000%   0.0000
JumpReturn            12902          0   0.0000%   0.0000
Not control          956526          0   0.0000%   0.0000
------------------------------------------------------------------------------------------------------------------------------------------------------------------------------------

------------------------------------------------------DIRECT CONDITIONAL BRANCH PREDICTION MEASUREMENTS (Last 10M instructions)-----------------------------------------------------
       Instr       Cycles      IPC      NumBr     MispBr BrPerCyc MispBrPerCyc        MR     MPKI      CycWP   CycWPAvg   CycWPPKI
      997301       482096   2.0687     128874       5362   0.2673       0.0111   4.1607%   5.3765     251556    46.9146   252.2368
------------------------------------------------------------------------------------------------------------------------------------------------------------------------------------

------------------------------------------------------DIRECT CONDITIONAL BRANCH PREDICTION MEASUREMENTS (Last 25M instructions)-----------------------------------------------------
       Instr       Cycles      IPC      NumBr     MispBr BrPerCyc MispBrPerCyc        MR     MPKI      CycWP   CycWPAvg   CycWPPKI
      997301       482096   2.0687     128874       5362   0.2673       0.0111   4.1607%   5.3765     251556    46.9146   252.2368
-------------------------------------------------------------------------------------------------------------------------------------------------------------------------------------

---------------------------------------------------------DIRECT CONDITIONAL BRANCH PREDICTION MEASUREMENTS (50 Perc instructions)---------------------------------------------------
       Instr       Cycles      IPC      NumBr     MispBr BrPerCyc MispBrPerCyc        MR     MPKI      CycWP   CycWPAvg   CycWPPKI
      997301       482096   2.0687     128874       5362   0.2673       0.0111   4.1607%   5.3765     251556    46.9146   252.2368
------------------------------------------------------------------------------------------------------------------------------------------------------------------------------------

-------------------------------------DIRECT CONDITIONAL BRANCH PREDICTION MEASUREMENTS (Full Simulation i.e. Counts Not Reset When Warmup Ends)-------------------------------------
       Instr       Cycles      IPC      NumBr     MispBr BrPerCyc MispBrPerCyc        MR     MPKI      CycWP   CycWPAvg   CycWPPKI
      997301       482096   2.0687     128874       5362   0.2673       0.0111   4.1607%   5.3765     251556    46.9146   252.2368
------------------------------------------------------------------------------------------------------------------------------------------------------------------------------------
 Read 997301 instrs 

ExecTime = 7.01185941696167
