CMD:./cbp sample_traces/fp/sample_fp_trace.gz

====================[ CONFIGURATION SUMMARY ]====================

-- Debug Parameters --
DEBUG                    :          1
PRINT_FORMAT_BINARY      :          0

-- Base Parameters --
BM_INDEX_WIDTH           :         15
BM_CTR_WIDTH             :          3
CACHE_N_INDEX_WIDTH      :         12
CACHE_N_ASSOC            :          4
CACHE_N_TAG_WIDTH        :         11
PHR_WIDTH                :        388
CACHE_N_CTR_WIDTH        :          3
CACHE_N_U_WIDTH          :          2
CACHE_N_U_RST_CNT        :      25000
CACHE_N_VALID_WIDTH      :          1

-- Derived Parameters --
CACHE_N_SET              :       4096
=================================================================
====================================================[HARDWARE BUDGET]====================================================
| Component                         | Equation                           | Description                                  |
|-----------------------------------|------------------------------------|----------------------------------------------|
| Bimodal Predictor                 | 3 * 2^15 = 98304                   | BM_CTR_WIDTH * 2^BM_INDEX_WIDTH              |
|-----------------------------------|------------------------------------|----------------------------------------------|
| Pattern History Table - 1         | 4 x 2^12 x (3 + 11 + 2 + 1) = 278528 | CACHE_N_ASSOC + 2^CACHE_N_INDEX_WIDTH        |
|                                   |                                    |  * (CACHE_N_CTR_WIDTH + CACHE_N_TAG_WIDTH    |
|                                   |                                    |     + CACHE_N_U_WIDTH + CACHE_N_VALID_WIDTH) |
|-----------------------------------|------------------------------------|----------------------------------------------|
| Pattern History Table - 2         | 4 x 2^12 x (3 + 11 + 2 + 1) = 278528 | CACHE_N_ASSOC + 2^CACHE_N_INDEX_WIDTH        |
|                                   |                                    |  * (CACHE_N_CTR_WIDTH + CACHE_N_TAG_WIDTH    |
|                                   |                                    |     + CACHE_N_U_WIDTH + CACHE_N_VALID_WIDTH) |
|-----------------------------------|------------------------------------|----------------------------------------------|
| Pattern History Table - 3         | 4 x 2^12 x (3 + 11 + 2 + 1) = 278528 | CACHE_N_ASSOC + 2^CACHE_N_INDEX_WIDTH        |
|                                   |                                    |  * (CACHE_N_CTR_WIDTH + CACHE_N_TAG_WIDTH    |
|                                   |                                    |     + CACHE_N_U_WIDTH + CACHE_N_VALID_WIDTH) |
|-----------------------------------|------------------------------------|----------------------------------------------|
| Pattern History Register          | 388                                | PHR_WIDTH                                    |
|-----------------------------------|------------------------------------|----------------------------------------------|
| Total Budget                      | 934276 bits (114.047363 KB)        |                                              |
| Expected Budget                   | 1572864 bits (192.000000 KB)       |                                              |
|-----------------------------------|------------------------------------|----------------------------------------------|
EOF
WINDOW_SIZE = 1024
FETCH_WIDTH = 16
FETCH_NUM_BRANCH = 16
FETCH_STOP_AT_INDIRECT = 1
FETCH_STOP_AT_TAKEN = 1
FETCH_MODEL_ICACHE = 1
PERFECT_BRANCH_PRED = 0
PERFECT_INDIRECT_PRED = 1
PIPELINE_FILL_LATENCY = 10
NUM_LDST_LANES = 8
NUM_ALU_LANES = 16
MEMORY HIERARCHY CONFIGURATION---------------------
STRIDE Prefetcher = 1
PERFECT_CACHE = 0
WRITE_ALLOCATE = 1
Within-pipeline factors:
	AGEN latency = 1 cycle
	Store Queue (SQ): SQ size = window size, oracle memory disambiguation, store-load forwarding = 1 cycle after store's or load's agen.
	* Note: A store searches the L1$ at commit. The store is released
	* from the SQ and window, whether it hits or misses. Store misses
	* are buffered until the block is allocated and the store is
	* performed in the L1$. While buffered, conflicting loads get
	* the store's data as they would from the SQ.
I$: 128 KB, 8-way set-assoc., 64B block size
L1$: 128 KB, 8-way set-assoc., 64B block size, 3-cycle search latency
L2$: 4 MB, 8-way set-assoc., 64B block size, 12-cycle search latency
L3$: 32 MB, 16-way set-assoc., 128B block size, 50-cycle search latency
Main Memory: 150-cycle fixed search time
---------------------------STORE QUEUE MEASUREMENTS (Full Simulation i.e. Counts Not Reset When Warmup Ends)---------------------------
Number of loads: 417260
Number of loads that miss in SQ: 255089 (61.13%)
Number of PFs issued to the memory system 5440
---------------------------------------------------------------------------------------------------------------------------------------
------------------------MEMORY HIERARCHY MEASUREMENTS (Full Simulation i.e. Counts Not Reset When Warmup Ends)-------------------------
I$:
	accesses   = 1313295
	misses     = 44
	miss ratio = 0.00%
	pf accesses   = 0
	pf misses     = 0
	pf miss ratio = -nan%
L1$:
	accesses   = 582033
	misses     = 79
	miss ratio = 0.01%
	pf accesses   = 5440
	pf misses     = 58
	pf miss ratio = 1.07%
L2$:
	accesses   = 123
	misses     = 123
	miss ratio = 100.00%
	pf accesses   = 58
	pf misses     = 58
	pf miss ratio = 100.00%
L3$:
	accesses   = 123
	misses     = 89
	miss ratio = 72.36%
	pf accesses   = 58
	pf misses     = 28
	pf miss ratio = 48.28%
---------------------------------------------------------------------------------------------------------------------------------------
----------------------------------------------Prefetcher (Full Simulation i.e. No Warmup)----------------------------------------------
Num Trainings :417260
Num Prefetches generated :5451
Num Prefetches issued :12900
Num Prefetches filtered by PF queue :33
Num untimely prefetches dropped from PF queue :11
Num prefetches not issued LDST contention :7460
Num prefetches not issued stride 0 :139934
---------------------------------------------------------------------------------------------------------------------------------------

-------------------------------ILP LIMIT STUDY (Full Simulation i.e. Counts Not Reset When Warmup Ends)--------------------------------
instructions = 997741
cycles       = 256105
CycWP        = 134382
IPC          = 3.8958

---------------------------------------------------------------------------------------------------------------------------------------

-----------------------------------------------BRANCH PREDICTION MEASUREMENTS (Full Simulation i.e. Counts Not Reset When Warmup Ends)----------------------------------------------
Type                   NumBr     MispBr        mr     mpki
CondDirect           111265       3880   3.4872%   3.8888
JumpDirect            26868          0   0.0000%   0.0000
JumpIndirect              1          0   0.0000%   0.0000
JumpReturn            10589          0   0.0000%   0.0000
Not control         1164572          0   0.0000%   0.0000
------------------------------------------------------------------------------------------------------------------------------------------------------------------------------------

------------------------------------------------------DIRECT CONDITIONAL BRANCH PREDICTION MEASUREMENTS (Last 10M instructions)-----------------------------------------------------
       Instr       Cycles      IPC      NumBr     MispBr BrPerCyc MispBrPerCyc        MR     MPKI      CycWP   CycWPAvg   CycWPPKI
      997741       256105   3.8958     111265       3880   0.4345       0.0152   3.4872%   3.8888     134382    34.6345   134.6863
------------------------------------------------------------------------------------------------------------------------------------------------------------------------------------

------------------------------------------------------DIRECT CONDITIONAL BRANCH PREDICTION MEASUREMENTS (Last 25M instructions)-----------------------------------------------------
       Instr       Cycles      IPC      NumBr     MispBr BrPerCyc MispBrPerCyc        MR     MPKI      CycWP   CycWPAvg   CycWPPKI
      997741       256105   3.8958     111265       3880   0.4345       0.0152   3.4872%   3.8888     134382    34.6345   134.6863
-------------------------------------------------------------------------------------------------------------------------------------------------------------------------------------

---------------------------------------------------------DIRECT CONDITIONAL BRANCH PREDICTION MEASUREMENTS (50 Perc instructions)---------------------------------------------------
       Instr       Cycles      IPC      NumBr     MispBr BrPerCyc MispBrPerCyc        MR     MPKI      CycWP   CycWPAvg   CycWPPKI
      997741       256105   3.8958     111265       3880   0.4345       0.0152   3.4872%   3.8888     134382    34.6345   134.6863
------------------------------------------------------------------------------------------------------------------------------------------------------------------------------------

-------------------------------------DIRECT CONDITIONAL BRANCH PREDICTION MEASUREMENTS (Full Simulation i.e. Counts Not Reset When Warmup Ends)-------------------------------------
       Instr       Cycles      IPC      NumBr     MispBr BrPerCyc MispBrPerCyc        MR     MPKI      CycWP   CycWPAvg   CycWPPKI
      997741       256105   3.8958     111265       3880   0.4345       0.0152   3.4872%   3.8888     134382    34.6345   134.6863
------------------------------------------------------------------------------------------------------------------------------------------------------------------------------------
 Read 997741 instrs 

ExecTime = 8.147257328033447
